  github.hyfree.GM -> E:\github\AgentNetworkPlan\PuddingAgent\external\github.hyfree.GM\github.hyfree.GM\bin\Debug\net10.0\github.hyfree.GM.dll
  PuddingCore -> e:\github\AgentNetworkPlan\PuddingAgent\Source\PuddingCore\bin\Debug\net10.0\PuddingCore.dll
  PuddingMemoryEngine -> E:\github\AgentNetworkPlan\PuddingAgent\Source\PuddingMemoryEngine\bin\Debug\net10.0\PuddingMemoryEngine.dll
  PuddingGateway -> e:\github\AgentNetworkPlan\PuddingAgent\Source\PuddingGateway\bin\Debug\net10.0\PuddingGateway.dll
e:\github\AgentNetworkPlan\PuddingAgent\Source\PuddingController\Services\ControllerLlmProxyService.cs(29,32): warning CS0618: “LlmConfig.ApiKey”已过时:“请改用 KeyVaultId 在 Runtime 侧注入密钥；此字段仅为向后兼容保留。” [e:\github\AgentNetworkPlan\PuddingAgent\Source\PuddingController\PuddingController.csproj]
e:\github\AgentNetworkPlan\PuddingAgent\Source\PuddingController\Services\ControllerLlmProxyService.cs(81,32): warning CS0618: “LlmConfig.ApiKey”已过时:“请改用 KeyVaultId 在 Runtime 侧注入密钥；此字段仅为向后兼容保留。” [e:\github\AgentNetworkPlan\PuddingAgent\Source\PuddingController\PuddingController.csproj]
  PuddingController -> E:\github\AgentNetworkPlan\PuddingAgent\Source\PuddingController\bin\Debug\net10.0\PuddingController.dll
e:\github\AgentNetworkPlan\PuddingAgent\Source\PuddingPlatform\Services\DbLlmResolver.cs(76,13): warning CS0618: “LlmConfig.ApiKey”已过时:“请改用 KeyVaultId 在 Runtime 侧注入密钥；此字段仅为向后兼容保留。” [e:\github\AgentNetworkPlan\PuddingAgent\Source\PuddingPlatform\PuddingPlatform.csproj]
e:\github\AgentNetworkPlan\PuddingAgent\Source\PuddingPlatform\Services\DbLlmResolver.cs(118,13): warning CS0618: “LlmConfig.ApiKey”已过时:“请改用 KeyVaultId 在 Runtime 侧注入密钥；此字段仅为向后兼容保留。” [e:\github\AgentNetworkPlan\PuddingAgent\Source\PuddingPlatform\PuddingPlatform.csproj]
e:\github\AgentNetworkPlan\PuddingAgent\Source\PuddingPlatform\Controllers\Api\AuthApiController.cs(40,71): warning CS8604: “bool PasswordHasher.Verify(string password, string storedHash)”中的形参“password”可能传入 null 引用实参。 [e:\github\AgentNetworkPlan\PuddingAgent\Source\PuddingPlatform\PuddingPlatform.csproj]
e:\github\AgentNetworkPlan\PuddingAgent\Source\PuddingPlatform\Controllers\Api\ChatApiController.cs(30,40): warning CS9113: 参数“memoryDbFactory”未读。 [e:\github\AgentNetworkPlan\PuddingAgent\Source\PuddingPlatform\PuddingPlatform.csproj]
e:\github\AgentNetworkPlan\PuddingAgent\Source\PuddingPlatform\Controllers\Api\ChatApiController.cs(31,24): warning CS9113: 参数“jsonlWriter”未读。 [e:\github\AgentNetworkPlan\PuddingAgent\Source\PuddingPlatform\PuddingPlatform.csproj]
e:\github\AgentNetworkPlan\PuddingAgent\Source\PuddingPlatform\Controllers\Api\KeyVaultController.cs(33,28): warning CS8601: 可能的 null 引用赋值。 [e:\github\AgentNetworkPlan\PuddingAgent\Source\PuddingPlatform\PuddingPlatform.csproj]
e:\github\AgentNetworkPlan\PuddingAgent\Source\PuddingPlatform\Controllers\Api\KeyVaultController.cs(93,28): warning CS8601: 可能的 null 引用赋值。 [e:\github\AgentNetworkPlan\PuddingAgent\Source\PuddingPlatform\PuddingPlatform.csproj]
e:\github\AgentNetworkPlan\PuddingAgent\Source\PuddingPlatform\Controllers\Api\ChatApiController.cs(106,25): warning CS0618: “LlmConfig.ApiKey”已过时:“请改用 KeyVaultId 在 Runtime 侧注入密钥；此字段仅为向后兼容保留。” [e:\github\AgentNetworkPlan\PuddingAgent\Source\PuddingPlatform\PuddingPlatform.csproj]
  PuddingPlatform -> E:\github\AgentNetworkPlan\PuddingAgent\Source\PuddingPlatform\bin\Debug\net10.0\PuddingPlatform.dll
  PuddingRuntime -> E:\github\AgentNetworkPlan\PuddingAgent\Source\PuddingRuntime\bin\Debug\net10.0\PuddingRuntime.dll
  PuddingAgent -> e:\github\AgentNetworkPlan\PuddingAgent\Source\PuddingAgent\bin\Debug\net10.0\PuddingAgent.dll

已成功生成。

e:\github\AgentNetworkPlan\PuddingAgent\Source\PuddingController\Services\ControllerLlmProxyService.cs(29,32): warning CS0618: “LlmConfig.ApiKey”已过时:“请改用 KeyVaultId 在 Runtime 侧注入密钥；此字段仅为向后兼容保留。” [e:\github\AgentNetworkPlan\PuddingAgent\Source\PuddingController\PuddingController.csproj]
e:\github\AgentNetworkPlan\PuddingAgent\Source\PuddingController\Services\ControllerLlmProxyService.cs(81,32): warning CS0618: “LlmConfig.ApiKey”已过时:“请改用 KeyVaultId 在 Runtime 侧注入密钥；此字段仅为向后兼容保留。” [e:\github\AgentNetworkPlan\PuddingAgent\Source\PuddingController\PuddingController.csproj]
e:\github\AgentNetworkPlan\PuddingAgent\Source\PuddingPlatform\Services\DbLlmResolver.cs(76,13): warning CS0618: “LlmConfig.ApiKey”已过时:“请改用 KeyVaultId 在 Runtime 侧注入密钥；此字段仅为向后兼容保留。” [e:\github\AgentNetworkPlan\PuddingAgent\Source\PuddingPlatform\PuddingPlatform.csproj]
e:\github\AgentNetworkPlan\PuddingAgent\Source\PuddingPlatform\Services\DbLlmResolver.cs(118,13): warning CS0618: “LlmConfig.ApiKey”已过时:“请改用 KeyVaultId 在 Runtime 侧注入密钥；此字段仅为向后兼容保留。” [e:\github\AgentNetworkPlan\PuddingAgent\Source\PuddingPlatform\PuddingPlatform.csproj]
e:\github\AgentNetworkPlan\PuddingAgent\Source\PuddingPlatform\Controllers\Api\AuthApiController.cs(40,71): warning CS8604: “bool PasswordHasher.Verify(string password, string storedHash)”中的形参“password”可能传入 null 引用实参。 [e:\github\AgentNetworkPlan\PuddingAgent\Source\PuddingPlatform\PuddingPlatform.csproj]
e:\github\AgentNetworkPlan\PuddingAgent\Source\PuddingPlatform\Controllers\Api\ChatApiController.cs(30,40): warning CS9113: 参数“memoryDbFactory”未读。 [e:\github\AgentNetworkPlan\PuddingAgent\Source\PuddingPlatform\PuddingPlatform.csproj]
e:\github\AgentNetworkPlan\PuddingAgent\Source\PuddingPlatform\Controllers\Api\ChatApiController.cs(31,24): warning CS9113: 参数“jsonlWriter”未读。 [e:\github\AgentNetworkPlan\PuddingAgent\Source\PuddingPlatform\PuddingPlatform.csproj]
e:\github\AgentNetworkPlan\PuddingAgent\Source\PuddingPlatform\Controllers\Api\KeyVaultController.cs(33,28): warning CS8601: 可能的 null 引用赋值。 [e:\github\AgentNetworkPlan\PuddingAgent\Source\PuddingPlatform\PuddingPlatform.csproj]
e:\github\AgentNetworkPlan\PuddingAgent\Source\PuddingPlatform\Controllers\Api\KeyVaultController.cs(93,28): warning CS8601: 可能的 null 引用赋值。 [e:\github\AgentNetworkPlan\PuddingAgent\Source\PuddingPlatform\PuddingPlatform.csproj]
e:\github\AgentNetworkPlan\PuddingAgent\Source\PuddingPlatform\Controllers\Api\ChatApiController.cs(106,25): warning CS0618: “LlmConfig.ApiKey”已过时:“请改用 KeyVaultId 在 Runtime 侧注入密钥；此字段仅为向后兼容保留。” [e:\github\AgentNetworkPlan\PuddingAgent\Source\PuddingPlatform\PuddingPlatform.csproj]
    10 个警告
    0 个错误

已用时间 00:00:06.93
