<?xml version="1.0" encoding="utf-8"?>
<TestRun id="67ba6874-ae6b-49bb-8026-ec507fc63b43" name="huany@MSI 2026-09-12 05:56:41" runUser="MSI\huany" xmlns="http://microsoft.com/schemas/VisualStudio/TeamTest/2010">
  <Times creation="2026-09-12T05:56:41.6578565+08:00" queuing="2026-09-12T05:56:41.6578570+08:00" start="2026-09-12T05:56:35.8623177+08:00" finish="2026-09-12T05:56:51.6550225+08:00" />
  <TestSettings name="default" id="adf353c5-dcde-4dd3-b049-8d55be2e864f">
    <Deployment runDeploymentRoot="huany_MSI_2026-09-12_05_56_41" />
  </TestSettings>
  <Results>
    <UnitTestResult executionId="ddbe6b2b-2afc-4e79-89a1-6f6c21b014a6" testId="11316bd5-26a7-8c81-875d-3c088ee775e9" testName="LateAttribution_KeepsRequestAShape_AfterSessionSnapshotOverwrittenByB" computerName="MSI" duration="00:00:00.4134757" startTime="2026-09-12T05:56:49.0023664+08:00" endTime="2026-09-12T05:56:49.4159989+08:00" testType="13cdc9d9-ddb5-4fa4-a97d-d965ccfc6d4b" outcome="Passed" testListId="8c84fa94-04c1-424b-9868-57a2d4851a1d" relativeResultsDirectory="ddbe6b2b-2afc-4e79-89a1-6f6c21b014a6" />
    <UnitTestResult executionId="b8ee8967-0fd5-4e35-b362-e3b239be5201" testId="1cf61232-f0ef-814a-8885-76ea635ee13e" testName="EnsureCreatedAsync_IsIdempotent" computerName="MSI" duration="00:00:00.0057922" startTime="2026-09-12T05:56:48.9896743+08:00" endTime="2026-09-12T05:56:48.9959239+08:00" testType="13cdc9d9-ddb5-4fa4-a97d-d965ccfc6d4b" outcome="Passed" testListId="8c84fa94-04c1-424b-9868-57a2d4851a1d" relativeResultsDirectory="b8ee8967-0fd5-4e35-b362-e3b239be5201" />
    <UnitTestResult executionId="1a2953f8-8647-4c56-85be-a05fde618bb0" testId="178f735e-5eeb-8d14-b4e9-1c4ea84757b1" testName="SameSourceWithDifferentPayload_Required_ThrowsAndKeepsLedgerIntact" computerName="MSI" duration="00:00:00.1684850" startTime="2026-09-12T05:56:46.7703561+08:00" endTime="2026-09-12T05:56:46.9389857+08:00" testType="13cdc9d9-ddb5-4fa4-a97d-d965ccfc6d4b" outcome="Passed" testListId="8c84fa94-04c1-424b-9868-57a2d4851a1d" relativeResultsDirectory="1a2953f8-8647-4c56-85be-a05fde618bb0" />
    <UnitTestResult executionId="7b956c33-1b8d-49ea-9bb2-eba4c764ec48" testId="12b845e1-0446-8fa1-a022-233cdffb74ea" testName="Gateway_ConflictingPayload_MustReject" computerName="MSI" duration="00:00:02.5482027" startTime="2026-09-12T05:56:39.0533550+08:00" endTime="2026-09-12T05:56:41.6226209+08:00" testType="13cdc9d9-ddb5-4fa4-a97d-d965ccfc6d4b" outcome="Passed" testListId="8c84fa94-04c1-424b-9868-57a2d4851a1d" relativeResultsDirectory="7b956c33-1b8d-49ea-9bb2-eba4c764ec48" />
    <UnitTestResult executionId="c966ddcb-ee99-4db1-b3bc-ebcbc7269107" testId="1163933a-74fa-8de0-9d6b-b272f987bf8e" testName="RebuildAsync_SkipsUnattributedLegacyUsageWithoutDeletingExistingLedgerFacts" computerName="MSI" duration="00:00:00.1281201" startTime="2026-09-12T05:56:44.1593347+08:00" endTime="2026-09-12T05:56:44.2875231+08:00" testType="13cdc9d9-ddb5-4fa4-a97d-d965ccfc6d4b" outcome="Passed" testListId="8c84fa94-04c1-424b-9868-57a2d4851a1d" relativeResultsDirectory="c966ddcb-ee99-4db1-b3bc-ebcbc7269107" />
    <UnitTestResult executionId="8387bc75-a264-4b23-9251-13a8a3c377c4" testId="180a8824-becc-8a68-8c6d-1c6d56655786" testName="ConversationProjectorFallback_UsesPersistentParentAndInvocationIndex" computerName="MSI" duration="00:00:00.0009554" startTime="2026-09-12T05:56:47.9510469+08:00" endTime="2026-09-12T05:56:47.9520517+08:00" testType="13cdc9d9-ddb5-4fa4-a97d-d965ccfc6d4b" outcome="Passed" testListId="8c84fa94-04c1-424b-9868-57a2d4851a1d" relativeResultsDirectory="8387bc75-a264-4b23-9251-13a8a3c377c4" />
    <UnitTestResult executionId="4a4bda4b-1b5f-4fc3-9f34-4a211fc65dbf" testId="15045f6b-23c2-8378-8d01-930e4c38d4ca" testName="RecordAsync_WhenContextSnapshotExists_StoresContextLayerMetrics" computerName="MSI" duration="00:00:00.1304263" startTime="2026-09-12T05:56:48.4392213+08:00" endTime="2026-09-12T05:56:48.5697085+08:00" testType="13cdc9d9-ddb5-4fa4-a97d-d965ccfc6d4b" outcome="Passed" testListId="8c84fa94-04c1-424b-9868-57a2d4851a1d" relativeResultsDirectory="4a4bda4b-1b5f-4fc3-9f34-4a211fc65dbf" />
    <UnitTestResult executionId="48c66a53-17e7-48d5-997f-a590f1583f5f" testId="1a09c6ab-6c76-8f90-9b50-f6a5bb763f5d" testName="RebuildAsync_ReconstructsOneGatewayFactPerSuccessfulProviderRequest" computerName="MSI" duration="00:00:00.2137990" startTime="2026-09-12T05:56:44.2875661+08:00" endTime="2026-09-12T05:56:44.5014529+08:00" testType="13cdc9d9-ddb5-4fa4-a97d-d965ccfc6d4b" outcome="Passed" testListId="8c84fa94-04c1-424b-9868-57a2d4851a1d" relativeResultsDirectory="48c66a53-17e7-48d5-997f-a590f1583f5f" />
    <UnitTestResult executionId="59821589-6ee2-4288-9d32-89e3149388f4" testId="12dc003b-a62a-8b53-a38f-c6061edf87f6" testName="ResolveMissTokens_ExplicitMiss_ReturnsExplicit" computerName="MSI" duration="00:00:00.0003596" startTime="2026-09-12T05:56:43.6751376+08:00" endTime="2026-09-12T05:56:43.6757040+08:00" testType="13cdc9d9-ddb5-4fa4-a97d-d965ccfc6d4b" outcome="Passed" testListId="8c84fa94-04c1-424b-9868-57a2d4851a1d" relativeResultsDirectory="59821589-6ee2-4288-9d32-89e3149388f4" />
    <UnitTestResult executionId="f635c2df-a13b-4381-9364-a2c085e35952" testId="1808befa-2589-890c-a882-ee9e943a6c0f" testName="ResolveMissTokens_HitExceedsPrompt_ReturnsZero" computerName="MSI" duration="00:00:00.0001107" startTime="2026-09-12T05:56:43.6762296+08:00" endTime="2026-09-12T05:56:43.6763693+08:00" testType="13cdc9d9-ddb5-4fa4-a97d-d965ccfc6d4b" outcome="Passed" testListId="8c84fa94-04c1-424b-9868-57a2d4851a1d" relativeResultsDirectory="f635c2df-a13b-4381-9364-a2c085e35952" />
    <UnitTestResult executionId="a5d1677e-50ff-40e9-be67-3db5a434b30d" testId="1555bb99-c44d-8590-a99c-2611ac77fa65" testName="Normalize_DeepSeekFormat_CalculatesCorrectly" computerName="MSI" duration="00:00:00.0005456" startTime="2026-09-12T05:56:43.6763850+08:00" endTime="2026-09-12T05:56:43.6769723+08:00" testType="13cdc9d9-ddb5-4fa4-a97d-d965ccfc6d4b" outcome="Passed" testListId="8c84fa94-04c1-424b-9868-57a2d4851a1d" relativeResultsDirectory="a5d1677e-50ff-40e9-be67-3db5a434b30d" />
    <UnitTestResult executionId="ec20e086-adbc-4e3d-bb8d-409ae30e076c" testId="128fe586-e84e-82f1-b486-5fe8b2a2eb91" testName="Token_IdenticalUsageButDifferentWorkspace_MustReject" computerName="MSI" duration="00:00:00.1645556" startTime="2026-09-12T05:56:49.8144398+08:00" endTime="2026-09-12T05:56:49.9790757+08:00" testType="13cdc9d9-ddb5-4fa4-a97d-d965ccfc6d4b" outcome="Passed" testListId="8c84fa94-04c1-424b-9868-57a2d4851a1d" relativeResultsDirectory="ec20e086-adbc-4e3d-bb8d-409ae30e076c" />
    <UnitTestResult executionId="ae9e22bb-c16b-499e-86fd-70ae4d6207d8" testId="1cd61ae7-b07a-84af-8e56-3f926ae020e4" testName="RecordAsync_WhenOnlyHistoryAnchorChanges_StoresHistoryAnchorChangedReason" computerName="MSI" duration="00:00:00.1116142" startTime="2026-09-12T05:56:48.3275023+08:00" endTime="2026-09-12T05:56:48.4391822+08:00" testType="13cdc9d9-ddb5-4fa4-a97d-d965ccfc6d4b" outcome="Passed" testListId="8c84fa94-04c1-424b-9868-57a2d4851a1d" relativeResultsDirectory="ae9e22bb-c16b-499e-86fd-70ae4d6207d8" />
    <UnitTestResult executionId="601315df-a37a-431a-87ba-31692e405bf0" testId="173ed750-10ad-8c0c-8e28-c3ac674ebe20" testName="RebuildAsync_RebuildsMonthlyStatsFromNonConversationUsageEvents" computerName="MSI" duration="00:00:00.2647861" startTime="2026-09-12T05:56:43.6802514+08:00" endTime="2026-09-12T05:56:43.9451625+08:00" testType="13cdc9d9-ddb5-4fa4-a97d-d965ccfc6d4b" outcome="Passed" testListId="8c84fa94-04c1-424b-9868-57a2d4851a1d" relativeResultsDirectory="601315df-a37a-431a-87ba-31692e405bf0" />
    <UnitTestResult executionId="df1ba0bb-cfad-4d95-87ff-6e352581c47d" testId="19902e7b-969e-8c40-82e1-6e8b5b76ef42" testName="SameSourceResubmission_DoesNotDoubleCount_AndDifferentPayloadIsConflict" computerName="MSI" duration="00:00:00.1056452" startTime="2026-09-12T05:56:49.5728515+08:00" endTime="2026-09-12T05:56:49.6785531+08:00" testType="13cdc9d9-ddb5-4fa4-a97d-d965ccfc6d4b" outcome="Passed" testListId="8c84fa94-04c1-424b-9868-57a2d4851a1d" relativeResultsDirectory="df1ba0bb-cfad-4d95-87ff-6e352581c47d" />
    <UnitTestResult executionId="316cc918-fd7d-4305-a197-875529e9ddb5" testId="1158ea60-0a48-859a-89a3-f80839fff6b2" testName="FiftyConcurrentDistinctSources_AlignLedgerAndAggregateExactly" computerName="MSI" duration="00:00:01.0680720" startTime="2026-09-12T05:56:44.5042549+08:00" endTime="2026-09-12T05:56:45.5750205+08:00" testType="13cdc9d9-ddb5-4fa4-a97d-d965ccfc6d4b" outcome="Passed" testListId="8c84fa94-04c1-424b-9868-57a2d4851a1d" relativeResultsDirectory="316cc918-fd7d-4305-a197-875529e9ddb5" />
    <UnitTestResult executionId="acef14d2-b9ea-4994-bd9e-21aa4c6c1af9" testId="147180cb-f60f-88ec-8f46-d022543502e4" testName="CalculateCost_NoCacheHitPrice_FallsBackToInputPrice" computerName="MSI" duration="00:00:00.0001857" startTime="2026-09-12T05:56:43.6800015+08:00" endTime="2026-09-12T05:56:43.6802307+08:00" testType="13cdc9d9-ddb5-4fa4-a97d-d965ccfc6d4b" outcome="Passed" testListId="8c84fa94-04c1-424b-9868-57a2d4851a1d" relativeResultsDirectory="acef14d2-b9ea-4994-bd9e-21aa4c6c1af9" />
    <UnitTestResult executionId="b0842717-d28d-4891-bbfb-cdab4aebc9bd" testId="195ca5a6-8bdc-85bb-9d91-a4359ab5fb06" testName="RecordAsync_WhenToolDefinitionsExist_InsertsOrderedLayerAndTracksSchemaChanges" computerName="MSI" duration="00:00:00.4090234" startTime="2026-09-12T05:56:48.5697515+08:00" endTime="2026-09-12T05:56:48.9788383+08:00" testType="13cdc9d9-ddb5-4fa4-a97d-d965ccfc6d4b" outcome="Passed" testListId="8c84fa94-04c1-424b-9868-57a2d4851a1d" relativeResultsDirectory="b0842717-d28d-4891-bbfb-cdab4aebc9bd" />
    <UnitTestResult executionId="e97c54fd-b140-4ffc-afea-4f27fa2a6429" testId="141638c1-bd41-87f1-897c-8d0e5e52ea60" testName="Token_IdenticalUsageButDifferentWorkspace_MustReject" computerName="MSI" duration="00:00:00.3798348" startTime="2026-09-12T05:56:41.6389182+08:00" endTime="2026-09-12T05:56:42.0191486+08:00" testType="13cdc9d9-ddb5-4fa4-a97d-d965ccfc6d4b" outcome="Passed" testListId="8c84fa94-04c1-424b-9868-57a2d4851a1d" relativeResultsDirectory="e97c54fd-b140-4ffc-afea-4f27fa2a6429" />
    <UnitTestResult executionId="f27ba444-ef68-4820-99e4-23295d3bc141" testId="13d64854-80cd-85cc-a5a8-29fbf2c19434" testName="ForceFlush_PersistsImmediately" computerName="MSI" duration="00:00:00.1326536" startTime="2026-09-12T05:56:50.5254700+08:00" endTime="2026-09-12T05:56:50.6582312+08:00" testType="13cdc9d9-ddb5-4fa4-a97d-d965ccfc6d4b" outcome="Passed" testListId="8c84fa94-04c1-424b-9868-57a2d4851a1d" relativeResultsDirectory="f27ba444-ef68-4820-99e4-23295d3bc141" />
    <UnitTestResult executionId="6624cb6e-0be4-4c1c-a07d-45771eaf7be0" testId="10d28046-b84f-81e4-89eb-f6027fe253c0" testName="Normalize_NoCache_AllPromptAsMiss" computerName="MSI" duration="00:00:00.0003011" startTime="2026-09-12T05:56:43.6783898+08:00" endTime="2026-09-12T05:56:43.6788018+08:00" testType="13cdc9d9-ddb5-4fa4-a97d-d965ccfc6d4b" outcome="Passed" testListId="8c84fa94-04c1-424b-9868-57a2d4851a1d" relativeResultsDirectory="6624cb6e-0be4-4c1c-a07d-45771eaf7be0" />
    <UnitTestResult executionId="a4776272-7fe8-4643-811e-f071488e179f" testId="1bc5f19d-71fe-8b29-be9f-b6dad3bb80fd" testName="LateUsage_InvalidatesClosedDayAggregate_AndNextReadRecomputes" computerName="MSI" duration="00:00:00.1566180" startTime="2026-09-12T05:56:49.4160544+08:00" endTime="2026-09-12T05:56:49.5728146+08:00" testType="13cdc9d9-ddb5-4fa4-a97d-d965ccfc6d4b" outcome="Passed" testListId="8c84fa94-04c1-424b-9868-57a2d4851a1d" relativeResultsDirectory="a4776272-7fe8-4643-811e-f071488e179f" />
    <UnitTestResult executionId="6cccdb14-cb51-451f-b7a7-f34f88a37b9b" testId="1c8bbe8c-45cd-88c2-b0b1-f0194caae575" testName="ResolveMissTokens_NoExplicitMiss_HitPresent_DerivesFromPrompt" computerName="MSI" duration="00:00:00.0002600" startTime="2026-09-12T05:56:43.6757413+08:00" endTime="2026-09-12T05:56:43.6760455+08:00" testType="13cdc9d9-ddb5-4fa4-a97d-d965ccfc6d4b" outcome="Passed" testListId="8c84fa94-04c1-424b-9868-57a2d4851a1d" relativeResultsDirectory="6cccdb14-cb51-451f-b7a7-f34f88a37b9b" />
    <UnitTestResult executionId="ef7e2471-677c-4705-afc5-7e1eedb4c523" testId="13d0cd97-bb95-8d5a-9989-91cdff74826d" testName="ResolveForMetric_Classifies_TokenUsage_As_Complete" computerName="MSI" duration="00:00:00.0014393" startTime="2026-09-12T05:56:42.2396475+08:00" endTime="2026-09-12T05:56:42.2413290+08:00" testType="13cdc9d9-ddb5-4fa4-a97d-d965ccfc6d4b" outcome="Passed" testListId="8c84fa94-04c1-424b-9868-57a2d4851a1d" relativeResultsDirectory="ef7e2471-677c-4705-afc5-7e1eedb4c523" />
    <UnitTestResult executionId="72a1ca9d-47ea-4fef-b6f9-cf68065496f3" testId="1362b37f-ce33-802d-b164-505132bac266" testName="Token_UnrelatedUniqueConstraint_MustNotBeAcceptedAsDuplicateSource" computerName="MSI" duration="00:00:00.2182496" startTime="2026-09-12T05:56:42.0196459+08:00" endTime="2026-09-12T05:56:42.2393628+08:00" testType="13cdc9d9-ddb5-4fa4-a97d-d965ccfc6d4b" outcome="Passed" testListId="8c84fa94-04c1-424b-9868-57a2d4851a1d" relativeResultsDirectory="72a1ca9d-47ea-4fef-b6f9-cf68065496f3" />
    <UnitTestResult executionId="98f6de08-07ac-4b16-b6be-aa6344ec1c7e" testId="17a7fcaf-7dcd-8838-bb7c-613cf1b862b0" testName="EnsureCreatedAsync_ColumnAlreadyExists_IsNoOp" computerName="MSI" duration="00:00:00.0062452" startTime="2026-09-12T05:56:48.9959927+08:00" endTime="2026-09-12T05:56:49.0023276+08:00" testType="13cdc9d9-ddb5-4fa4-a97d-d965ccfc6d4b" outcome="Passed" testListId="8c84fa94-04c1-424b-9868-57a2d4851a1d" relativeResultsDirectory="98f6de08-07ac-4b16-b6be-aa6344ec1c7e" />
    <UnitTestResult executionId="8603a20c-8dd3-4fe9-be77-6346752e0c5d" testId="1101c23c-a0b3-863d-96d8-a2cf53e68f72" testName="SameSourceWithDifferentPayload_BestEffort_SkipsWithoutThrowing" computerName="MSI" duration="00:00:00.1634830" startTime="2026-09-12T05:56:46.9390528+08:00" endTime="2026-09-12T05:56:47.1026389+08:00" testType="13cdc9d9-ddb5-4fa4-a97d-d965ccfc6d4b" outcome="Passed" testListId="8c84fa94-04c1-424b-9868-57a2d4851a1d" relativeResultsDirectory="8603a20c-8dd3-4fe9-be77-6346752e0c5d" />
    <UnitTestResult executionId="f88d215f-aad7-4d47-a4df-d710e12ab8b0" testId="103be422-9644-871b-a693-23ddc8d9834f" testName="ResolveMissTokens_NoHitNorMiss_ReturnsFullPrompt" computerName="MSI" duration="00:00:00.0001042" startTime="2026-09-12T05:56:43.6760724+08:00" endTime="2026-09-12T05:56:43.6762131+08:00" testType="13cdc9d9-ddb5-4fa4-a97d-d965ccfc6d4b" outcome="Passed" testListId="8c84fa94-04c1-424b-9868-57a2d4851a1d" relativeResultsDirectory="f88d215f-aad7-4d47-a4df-d710e12ab8b0" />
    <UnitTestResult executionId="7fef72d7-63b1-4e95-92cc-9da36897b597" testId="11e07909-8779-83f2-b57a-8600805a4cdb" testName="LiveToday_ReflectsTodayEventsWithoutWritingCache" computerName="MSI" duration="00:00:00.1250926" startTime="2026-09-12T05:56:43.4183644+08:00" endTime="2026-09-12T05:56:43.5435772+08:00" testType="13cdc9d9-ddb5-4fa4-a97d-d965ccfc6d4b" outcome="Passed" testListId="8c84fa94-04c1-424b-9868-57a2d4851a1d" relativeResultsDirectory="7fef72d7-63b1-4e95-92cc-9da36897b597" />
    <UnitTestResult executionId="de590185-f971-4dd4-8ba0-17f761669f0e" testId="11610bc6-de4d-8f0f-ac0e-897fff4bf809" testName="ClosedDays_WriteCompletionMarkersForEmptyDays" computerName="MSI" duration="00:00:00.1639100" startTime="2026-09-12T05:56:43.2542292+08:00" endTime="2026-09-12T05:56:43.4183068+08:00" testType="13cdc9d9-ddb5-4fa4-a97d-d965ccfc6d4b" outcome="Passed" testListId="8c84fa94-04c1-424b-9868-57a2d4851a1d" relativeResultsDirectory="de590185-f971-4dd4-8ba0-17f761669f0e" />
    <UnitTestResult executionId="249a612f-bea3-476c-941c-f02cd55d8de6" testId="1e66074d-b9dc-868a-acd5-f1a2f6fa6c1e" testName="PreviousLayerHash_UsesCoveringEndpoint_PreservesEventTimeAndIdTies" computerName="MSI" duration="00:00:00.5957117" startTime="2026-09-12T05:56:47.2481429+08:00" endTime="2026-09-12T05:56:47.8440210+08:00" testType="13cdc9d9-ddb5-4fa4-a97d-d965ccfc6d4b" outcome="Passed" testListId="8c84fa94-04c1-424b-9868-57a2d4851a1d" relativeResultsDirectory="249a612f-bea3-476c-941c-f02cd55d8de6" />
    <UnitTestResult executionId="5fa3062d-4808-44fc-b27f-9d7424314c70" testId="13d98417-4780-80d4-9eca-a27694965123" testName="InvalidateAsync_RemovesCachedMonthSoNextReadRecomputes" computerName="MSI" duration="00:00:00.1313292" startTime="2026-09-12T05:56:43.5436478+08:00" endTime="2026-09-12T05:56:43.6750794+08:00" testType="13cdc9d9-ddb5-4fa4-a97d-d965ccfc6d4b" outcome="Passed" testListId="8c84fa94-04c1-424b-9868-57a2d4851a1d" relativeResultsDirectory="5fa3062d-4808-44fc-b27f-9d7424314c70" />
    <UnitTestResult executionId="b608a444-7426-44db-9e04-e6d1781490fc" testId="1a5d0df6-7161-8c59-8ac7-59afce431ede" testName="Gateway_ConflictingPayload_MustReject" computerName="MSI" duration="00:00:00.1356983" startTime="2026-09-12T05:56:49.6785856+08:00" endTime="2026-09-12T05:56:49.8143943+08:00" testType="13cdc9d9-ddb5-4fa4-a97d-d965ccfc6d4b" outcome="Passed" testListId="8c84fa94-04c1-424b-9868-57a2d4851a1d" relativeResultsDirectory="b608a444-7426-44db-9e04-e6d1781490fc" />
    <UnitTestResult executionId="ac798ed0-20a1-4c02-a79e-56cb64f8d18e" testId="18bc4f2b-4fbc-8335-a6b8-403e9e75dfab" testName="RebuildAsync_ProjectsAttributedConversationUsageAndIsIdempotent" computerName="MSI" duration="00:00:00.2139692" startTime="2026-09-12T05:56:43.9452263+08:00" endTime="2026-09-12T05:56:44.1592873+08:00" testType="13cdc9d9-ddb5-4fa4-a97d-d965ccfc6d4b" outcome="Passed" testListId="8c84fa94-04c1-424b-9868-57a2d4851a1d" relativeResultsDirectory="ac798ed0-20a1-4c02-a79e-56cb64f8d18e" />
    <UnitTestResult executionId="481c104d-14b3-4327-bc3d-ca2b081e4f37" testId="14b0ebc7-2921-8073-a822-6abfa8fa05e8" testName="MigrateAsync_CreatesTokenUsageStatsTable" computerName="MSI" duration="00:00:00.9171021" startTime="2026-09-12T05:56:50.6582932+08:00" endTime="2026-09-12T05:56:51.5768253+08:00" testType="13cdc9d9-ddb5-4fa4-a97d-d965ccfc6d4b" outcome="Passed" testListId="8c84fa94-04c1-424b-9868-57a2d4851a1d" relativeResultsDirectory="481c104d-14b3-4327-bc3d-ca2b081e4f37" />
    <UnitTestResult executionId="8b1dc0db-b607-4f77-b590-ae5eeb46a3d7" testId="11b0a5ef-6d56-80db-ba50-2c5b297e6aa7" testName="ConcurrentDuplicateSource_CountsExactlyOnce" computerName="MSI" duration="00:00:01.1948694" startTime="2026-09-12T05:56:45.5751724+08:00" endTime="2026-09-12T05:56:46.7703077+08:00" testType="13cdc9d9-ddb5-4fa4-a97d-d965ccfc6d4b" outcome="Passed" testListId="8c84fa94-04c1-424b-9868-57a2d4851a1d" relativeResultsDirectory="8b1dc0db-b607-4f77-b590-ae5eeb46a3d7" />
    <UnitTestResult executionId="546b249b-2a9a-40b2-9c65-a8daf757f2bb" testId="1c985006-be72-86c9-a0fd-5dfe4274ea0c" testName="ConversationProjectorFingerprint_WithCompletionTokens_TranslatesOnSqlite" computerName="MSI" duration="00:00:00.1338513" startTime="2026-09-12T05:56:47.9520820+08:00" endTime="2026-09-12T05:56:48.0860897+08:00" testType="13cdc9d9-ddb5-4fa4-a97d-d965ccfc6d4b" outcome="Passed" testListId="8c84fa94-04c1-424b-9868-57a2d4851a1d" relativeResultsDirectory="546b249b-2a9a-40b2-9c65-a8daf757f2bb" />
    <UnitTestResult executionId="f38223b8-363d-4284-ac0d-843fa6a00308" testId="1f1ec53d-4d55-829f-aba6-1abcde366a00" testName="PreviousLayerHash_BootstrapAddsIndexToExistingLedger_Idempotently" computerName="MSI" duration="00:00:00.1068596" startTime="2026-09-12T05:56:47.8440695+08:00" endTime="2026-09-12T05:56:47.9510075+08:00" testType="13cdc9d9-ddb5-4fa4-a97d-d965ccfc6d4b" outcome="Passed" testListId="8c84fa94-04c1-424b-9868-57a2d4851a1d" relativeResultsDirectory="f38223b8-363d-4284-ac0d-843fa6a00308" />
    <UnitTestResult executionId="4a50aea2-fa64-4afc-81b8-8e6680e42536" testId="160b6d1d-3b7f-87c4-95fd-9ece7ca90369" testName="ConcurrentDuplicateSource_ToleratesProvidersWithPreexistingRow" computerName="MSI" duration="00:00:00.1452830" startTime="2026-09-12T05:56:47.1026986+08:00" endTime="2026-09-12T05:56:47.2480744+08:00" testType="13cdc9d9-ddb5-4fa4-a97d-d965ccfc6d4b" outcome="Passed" testListId="8c84fa94-04c1-424b-9868-57a2d4851a1d" relativeResultsDirectory="4a50aea2-fa64-4afc-81b8-8e6680e42536" />
    <UnitTestResult executionId="efd7d3d3-797d-4754-91f3-c6b6bd37a74c" testId="16d9e920-8488-8dc9-ae3d-1b0a46347ce4" testName="RecordAsync_WhenToolSpecHashChanges_StoresToolSpecChangedReason" computerName="MSI" duration="00:00:00.1281123" startTime="2026-09-12T05:56:48.1992705+08:00" endTime="2026-09-12T05:56:48.3274544+08:00" testType="13cdc9d9-ddb5-4fa4-a97d-d965ccfc6d4b" outcome="Passed" testListId="8c84fa94-04c1-424b-9868-57a2d4851a1d" relativeResultsDirectory="efd7d3d3-797d-4754-91f3-c6b6bd37a74c" />
    <UnitTestResult executionId="00f3b9ed-7a9a-496f-8d3b-f3ae882154c4" testId="197bd258-487f-8915-b7aa-6ea62e8bf24c" testName="Normalize_OpenAIFormat_HitDerivesMiss" computerName="MSI" duration="00:00:00.0002181" startTime="2026-09-12T05:56:43.6788635+08:00" endTime="2026-09-12T05:56:43.6791440+08:00" testType="13cdc9d9-ddb5-4fa4-a97d-d965ccfc6d4b" outcome="Passed" testListId="8c84fa94-04c1-424b-9868-57a2d4851a1d" relativeResultsDirectory="00f3b9ed-7a9a-496f-8d3b-f3ae882154c4" />
    <UnitTestResult executionId="15572352-d850-42ec-b935-9fd515955df9" testId="14f9b010-3720-86dd-828b-a4d5f9bfd9be" testName="ClosedDays_AggregateOnceThenServeFromCacheAfterLedgerDeleted" computerName="MSI" duration="00:00:01.0087464" startTime="2026-09-12T05:56:42.2451116+08:00" endTime="2026-09-12T05:56:43.2541545+08:00" testType="13cdc9d9-ddb5-4fa4-a97d-d965ccfc6d4b" outcome="Passed" testListId="8c84fa94-04c1-424b-9868-57a2d4851a1d" relativeResultsDirectory="15572352-d850-42ec-b935-9fd515955df9" />
    <UnitTestResult executionId="149d00d5-a209-414a-8162-56e347122c49" testId="15c43853-fb4e-8745-9c7e-de68869a132f" testName="EnsureCreatedAsync_UpgradesLegacyTableWithColumnsAndIndex" computerName="MSI" duration="00:00:00.0091220" startTime="2026-09-12T05:56:48.9802317+08:00" endTime="2026-09-12T05:56:48.9895661+08:00" testType="13cdc9d9-ddb5-4fa4-a97d-d965ccfc6d4b" outcome="Passed" testListId="8c84fa94-04c1-424b-9868-57a2d4851a1d" relativeResultsDirectory="149d00d5-a209-414a-8162-56e347122c49" />
    <UnitTestResult executionId="4886b5e5-2712-46b5-bba8-7c7db2dee32d" testId="1085532c-79d7-81fb-930b-8960aef8e622" testName="Token_UnrelatedUniqueConstraint_MustNotBeAcceptedAsDuplicateSource" computerName="MSI" duration="00:00:00.1640414" startTime="2026-09-12T05:56:49.9791273+08:00" endTime="2026-09-12T05:56:50.1432491+08:00" testType="13cdc9d9-ddb5-4fa4-a97d-d965ccfc6d4b" outcome="Passed" testListId="8c84fa94-04c1-424b-9868-57a2d4851a1d" relativeResultsDirectory="4886b5e5-2712-46b5-bba8-7c7db2dee32d" />
    <UnitTestResult executionId="96b0b2cd-e7b4-454a-9ac8-7989f1bccede" testId="157dbff5-e3e1-8f6a-8726-45dfbd829f47" testName="RecordAttributedRequiredAsync_PersistsCanonicalAgentLoopAttribution" computerName="MSI" duration="00:00:00.1129654" startTime="2026-09-12T05:56:48.0861688+08:00" endTime="2026-09-12T05:56:48.1992224+08:00" testType="13cdc9d9-ddb5-4fa4-a97d-d965ccfc6d4b" outcome="Passed" testListId="8c84fa94-04c1-424b-9868-57a2d4851a1d" relativeResultsDirectory="96b0b2cd-e7b4-454a-9ac8-7989f1bccede" />
    <UnitTestResult executionId="7ddbc7d5-052f-4383-b2d3-648914152f00" testId="1ddf949c-e71e-8443-a00b-75cff6ea94c0" testName="FirstWriteImmediate_SubsequentWritesAtMostOncePerInterval" computerName="MSI" duration="00:00:00.3809403" startTime="2026-09-12T05:56:50.1443605+08:00" endTime="2026-09-12T05:56:50.5254271+08:00" testType="13cdc9d9-ddb5-4fa4-a97d-d965ccfc6d4b" outcome="Passed" testListId="8c84fa94-04c1-424b-9868-57a2d4851a1d" relativeResultsDirectory="7ddbc7d5-052f-4383-b2d3-648914152f00" />
    <UnitTestResult executionId="ed84068d-cee9-4194-ba61-aae695f62682" testId="1d4ed73f-971d-8676-bc0e-aa9ccd0edc9d" testName="CalculateCost_DeepSeekModel_MatchesExpected" computerName="MSI" duration="00:00:00.0004517" startTime="2026-09-12T05:56:43.6794830+08:00" endTime="2026-09-12T05:56:43.6799731+08:00" testType="13cdc9d9-ddb5-4fa4-a97d-d965ccfc6d4b" outcome="Passed" testListId="8c84fa94-04c1-424b-9868-57a2d4851a1d" relativeResultsDirectory="ed84068d-cee9-4194-ba61-aae695f62682" />
    <UnitTestResult executionId="213cccaa-5ad9-4d14-8978-1dfbcc97a2f3" testId="1f0dee0b-3adc-82bf-83d8-aa4193270c06" testName="Normalize_ZeroTokens_HandlesGracefully" computerName="MSI" duration="00:00:00.0002545" startTime="2026-09-12T05:56:43.6791663+08:00" endTime="2026-09-12T05:56:43.6794599+08:00" testType="13cdc9d9-ddb5-4fa4-a97d-d965ccfc6d4b" outcome="Passed" testListId="8c84fa94-04c1-424b-9868-57a2d4851a1d" relativeResultsDirectory="213cccaa-5ad9-4d14-8978-1dfbcc97a2f3" />
  </Results>
  <TestDefinitions>
    <UnitTest name="Token_UnrelatedUniqueConstraint_MustNotBeAcceptedAsDuplicateSource" storage="e:\github\agentnetworkplan\puddingagent\.tmp-build\glm-board-20260912\puddingplatformtests.dll" id="1085532c-79d7-81fb-930b-8960aef8e622">
      <Execution id="4886b5e5-2712-46b5-bba8-7c7db2dee32d" />
      <TestMethod codeBase="E:\github\AgentNetworkPlan\PuddingAgent\.tmp-build\glm-board-20260912\PuddingPlatformTests.dll" adapterTypeName="executor://mstestadapter/v4" className="PuddingPlatformTests.Services.IndependentUsageProbe12" name="Token_UnrelatedUniqueConstraint_MustNotBeAcceptedAsDuplicateSource" />
    </UnitTest>
    <UnitTest name="Token_UnrelatedUniqueConstraint_MustNotBeAcceptedAsDuplicateSource" storage="e:\github\agentnetworkplan\puddingagent\.tmp-build\glm-board-20260912\puddingplatformtests.dll" id="1362b37f-ce33-802d-b164-505132bac266">
      <Execution id="72a1ca9d-47ea-4fef-b6f9-cf68065496f3" />
      <TestMethod codeBase="E:\github\AgentNetworkPlan\PuddingAgent\.tmp-build\glm-board-20260912\PuddingPlatformTests.dll" adapterTypeName="executor://mstestadapter/v4" className="PuddingPlatformTests.Services.AuditUsageConflictTests" name="Token_UnrelatedUniqueConstraint_MustNotBeAcceptedAsDuplicateSource" />
    </UnitTest>
    <UnitTest name="FirstWriteImmediate_SubsequentWritesAtMostOncePerInterval" storage="e:\github\agentnetworkplan\puddingagent\.tmp-build\glm-board-20260912\puddingplatformtests.dll" id="1ddf949c-e71e-8443-a00b-75cff6ea94c0">
      <Execution id="7ddbc7d5-052f-4383-b2d3-648914152f00" />
      <TestMethod codeBase="E:\github\AgentNetworkPlan\PuddingAgent\.tmp-build\glm-board-20260912\PuddingPlatformTests.dll" adapterTypeName="executor://mstestadapter/v4" className="PuddingPlatformTests.Security.ExternalAccessTokenUsageCoalescerTests" name="FirstWriteImmediate_SubsequentWritesAtMostOncePerInterval" />
    </UnitTest>
    <UnitTest name="SameSourceWithDifferentPayload_Required_ThrowsAndKeepsLedgerIntact" storage="e:\github\agentnetworkplan\puddingagent\.tmp-build\glm-board-20260912\puddingplatformtests.dll" id="178f735e-5eeb-8d14-b4e9-1c4ea84757b1">
      <Execution id="1a2953f8-8647-4c56-85be-a05fde618bb0" />
      <TestMethod codeBase="E:\github\AgentNetworkPlan\PuddingAgent\.tmp-build\glm-board-20260912\PuddingPlatformTests.dll" adapterTypeName="executor://mstestadapter/v4" className="PuddingPlatformTests.Services.TokenUsageRecorderConcurrencyTests" name="SameSourceWithDifferentPayload_Required_ThrowsAndKeepsLedgerIntact" />
    </UnitTest>
    <UnitTest name="Gateway_ConflictingPayload_MustReject" storage="e:\github\agentnetworkplan\puddingagent\.tmp-build\glm-board-20260912\puddingplatformtests.dll" id="12b845e1-0446-8fa1-a022-233cdffb74ea">
      <Execution id="7b956c33-1b8d-49ea-9bb2-eba4c764ec48" />
      <TestMethod codeBase="E:\github\AgentNetworkPlan\PuddingAgent\.tmp-build\glm-board-20260912\PuddingPlatformTests.dll" adapterTypeName="executor://mstestadapter/v4" className="PuddingPlatformTests.Services.AuditUsageConflictTests" name="Gateway_ConflictingPayload_MustReject" />
    </UnitTest>
    <UnitTest name="ConversationProjectorFallback_UsesPersistentParentAndInvocationIndex" storage="e:\github\agentnetworkplan\puddingagent\.tmp-build\glm-board-20260912\puddingplatformtests.dll" id="180a8824-becc-8a68-8c6d-1c6d56655786">
      <Execution id="8387bc75-a264-4b23-9251-13a8a3c377c4" />
      <TestMethod codeBase="E:\github\AgentNetworkPlan\PuddingAgent\.tmp-build\glm-board-20260912\PuddingPlatformTests.dll" adapterTypeName="executor://mstestadapter/v4" className="PuddingPlatformTests.Services.TokenUsageRecorderPrefixDiagnosticsTests" name="ConversationProjectorFallback_UsesPersistentParentAndInvocationIndex" />
    </UnitTest>
    <UnitTest name="SameSourceResubmission_DoesNotDoubleCount_AndDifferentPayloadIsConflict" storage="e:\github\agentnetworkplan\puddingagent\.tmp-build\glm-board-20260912\puddingplatformtests.dll" id="19902e7b-969e-8c40-82e1-6e8b5b76ef42">
      <Execution id="df1ba0bb-cfad-4d95-87ff-6e352581c47d" />
      <TestMethod codeBase="E:\github\AgentNetworkPlan\PuddingAgent\.tmp-build\glm-board-20260912\PuddingPlatformTests.dll" adapterTypeName="executor://mstestadapter/v4" className="PuddingPlatformTests.Services.UsageRequestAttributionTests" name="SameSourceResubmission_DoesNotDoubleCount_AndDifferentPayloadIsConflict" />
    </UnitTest>
    <UnitTest name="ConcurrentDuplicateSource_CountsExactlyOnce" storage="e:\github\agentnetworkplan\puddingagent\.tmp-build\glm-board-20260912\puddingplatformtests.dll" id="11b0a5ef-6d56-80db-ba50-2c5b297e6aa7">
      <Execution id="8b1dc0db-b607-4f77-b590-ae5eeb46a3d7" />
      <TestMethod codeBase="E:\github\AgentNetworkPlan\PuddingAgent\.tmp-build\glm-board-20260912\PuddingPlatformTests.dll" adapterTypeName="executor://mstestadapter/v4" className="PuddingPlatformTests.Services.TokenUsageRecorderConcurrencyTests" name="ConcurrentDuplicateSource_CountsExactlyOnce" />
    </UnitTest>
    <UnitTest name="EnsureCreatedAsync_UpgradesLegacyTableWithColumnsAndIndex" storage="e:\github\agentnetworkplan\puddingagent\.tmp-build\glm-board-20260912\puddingplatformtests.dll" id="15c43853-fb4e-8745-9c7e-de68869a132f">
      <Execution id="149d00d5-a209-414a-8162-56e347122c49" />
      <TestMethod codeBase="E:\github\AgentNetworkPlan\PuddingAgent\.tmp-build\glm-board-20260912\PuddingPlatformTests.dll" adapterTypeName="executor://mstestadapter/v4" className="PuddingPlatformTests.Services.TokenUsageSchemaBootstrapperTests" name="EnsureCreatedAsync_UpgradesLegacyTableWithColumnsAndIndex" />
    </UnitTest>
    <UnitTest name="RebuildAsync_ProjectsAttributedConversationUsageAndIsIdempotent" storage="e:\github\agentnetworkplan\puddingagent\.tmp-build\glm-board-20260912\puddingplatformtests.dll" id="18bc4f2b-4fbc-8335-a6b8-403e9e75dfab">
      <Execution id="ac798ed0-20a1-4c02-a79e-56cb64f8d18e" />
      <TestMethod codeBase="E:\github\AgentNetworkPlan\PuddingAgent\.tmp-build\glm-board-20260912\PuddingPlatformTests.dll" adapterTypeName="executor://mstestadapter/v4" className="PuddingPlatformTests.Services.TokenUsageRebuildServiceTests" name="RebuildAsync_ProjectsAttributedConversationUsageAndIsIdempotent" />
    </UnitTest>
    <UnitTest name="CalculateCost_NoCacheHitPrice_FallsBackToInputPrice" storage="e:\github\agentnetworkplan\puddingagent\.tmp-build\glm-board-20260912\puddingplatformtests.dll" id="147180cb-f60f-88ec-8f46-d022543502e4">
      <Execution id="acef14d2-b9ea-4994-bd9e-21aa4c6c1af9" />
      <TestMethod codeBase="E:\github\AgentNetworkPlan\PuddingAgent\.tmp-build\glm-board-20260912\PuddingPlatformTests.dll" adapterTypeName="executor://mstestadapter/v4" className="PuddingPlatformTests.Services.TokenUsageNormalizerTests" name="CalculateCost_NoCacheHitPrice_FallsBackToInputPrice" />
    </UnitTest>
    <UnitTest name="Gateway_ConflictingPayload_MustReject" storage="e:\github\agentnetworkplan\puddingagent\.tmp-build\glm-board-20260912\puddingplatformtests.dll" id="1a5d0df6-7161-8c59-8ac7-59afce431ede">
      <Execution id="b608a444-7426-44db-9e04-e6d1781490fc" />
      <TestMethod codeBase="E:\github\AgentNetworkPlan\PuddingAgent\.tmp-build\glm-board-20260912\PuddingPlatformTests.dll" adapterTypeName="executor://mstestadapter/v4" className="PuddingPlatformTests.Services.IndependentUsageProbe12" name="Gateway_ConflictingPayload_MustReject" />
    </UnitTest>
    <UnitTest name="RecordAsync_WhenToolDefinitionsExist_InsertsOrderedLayerAndTracksSchemaChanges" storage="e:\github\agentnetworkplan\puddingagent\.tmp-build\glm-board-20260912\puddingplatformtests.dll" id="195ca5a6-8bdc-85bb-9d91-a4359ab5fb06">
      <Execution id="b0842717-d28d-4891-bbfb-cdab4aebc9bd" />
      <TestMethod codeBase="E:\github\AgentNetworkPlan\PuddingAgent\.tmp-build\glm-board-20260912\PuddingPlatformTests.dll" adapterTypeName="executor://mstestadapter/v4" className="PuddingPlatformTests.Services.TokenUsageRecorderPrefixDiagnosticsTests" name="RecordAsync_WhenToolDefinitionsExist_InsertsOrderedLayerAndTracksSchemaChanges" />
    </UnitTest>
    <UnitTest name="RebuildAsync_ReconstructsOneGatewayFactPerSuccessfulProviderRequest" storage="e:\github\agentnetworkplan\puddingagent\.tmp-build\glm-board-20260912\puddingplatformtests.dll" id="1a09c6ab-6c76-8f90-9b50-f6a5bb763f5d">
      <Execution id="48c66a53-17e7-48d5-997f-a590f1583f5f" />
      <TestMethod codeBase="E:\github\AgentNetworkPlan\PuddingAgent\.tmp-build\glm-board-20260912\PuddingPlatformTests.dll" adapterTypeName="executor://mstestadapter/v4" className="PuddingPlatformTests.Services.TokenUsageRebuildServiceTests" name="RebuildAsync_ReconstructsOneGatewayFactPerSuccessfulProviderRequest" />
    </UnitTest>
    <UnitTest name="ClosedDays_WriteCompletionMarkersForEmptyDays" storage="e:\github\agentnetworkplan\puddingagent\.tmp-build\glm-board-20260912\puddingplatformtests.dll" id="11610bc6-de4d-8f0f-ac0e-897fff4bf809">
      <Execution id="de590185-f971-4dd4-8ba0-17f761669f0e" />
      <TestMethod codeBase="E:\github\AgentNetworkPlan\PuddingAgent\.tmp-build\glm-board-20260912\PuddingPlatformTests.dll" adapterTypeName="executor://mstestadapter/v4" className="PuddingPlatformTests.Services.TokenUsageDailyAggregateServiceTests" name="ClosedDays_WriteCompletionMarkersForEmptyDays" />
    </UnitTest>
    <UnitTest name="ConcurrentDuplicateSource_ToleratesProvidersWithPreexistingRow" storage="e:\github\agentnetworkplan\puddingagent\.tmp-build\glm-board-20260912\puddingplatformtests.dll" id="160b6d1d-3b7f-87c4-95fd-9ece7ca90369">
      <Execution id="4a50aea2-fa64-4afc-81b8-8e6680e42536" />
      <TestMethod codeBase="E:\github\AgentNetworkPlan\PuddingAgent\.tmp-build\glm-board-20260912\PuddingPlatformTests.dll" adapterTypeName="executor://mstestadapter/v4" className="PuddingPlatformTests.Services.TokenUsageRecorderConcurrencyTests" name="ConcurrentDuplicateSource_ToleratesProvidersWithPreexistingRow" />
    </UnitTest>
    <UnitTest name="Token_IdenticalUsageButDifferentWorkspace_MustReject" storage="e:\github\agentnetworkplan\puddingagent\.tmp-build\glm-board-20260912\puddingplatformtests.dll" id="141638c1-bd41-87f1-897c-8d0e5e52ea60">
      <Execution id="e97c54fd-b140-4ffc-afea-4f27fa2a6429" />
      <TestMethod codeBase="E:\github\AgentNetworkPlan\PuddingAgent\.tmp-build\glm-board-20260912\PuddingPlatformTests.dll" adapterTypeName="executor://mstestadapter/v4" className="PuddingPlatformTests.Services.AuditUsageConflictTests" name="Token_IdenticalUsageButDifferentWorkspace_MustReject" />
    </UnitTest>
    <UnitTest name="RecordAsync_WhenOnlyHistoryAnchorChanges_StoresHistoryAnchorChangedReason" storage="e:\github\agentnetworkplan\puddingagent\.tmp-build\glm-board-20260912\puddingplatformtests.dll" id="1cd61ae7-b07a-84af-8e56-3f926ae020e4">
      <Execution id="ae9e22bb-c16b-499e-86fd-70ae4d6207d8" />
      <TestMethod codeBase="E:\github\AgentNetworkPlan\PuddingAgent\.tmp-build\glm-board-20260912\PuddingPlatformTests.dll" adapterTypeName="executor://mstestadapter/v4" className="PuddingPlatformTests.Services.TokenUsageRecorderPrefixDiagnosticsTests" name="RecordAsync_WhenOnlyHistoryAnchorChanges_StoresHistoryAnchorChangedReason" />
    </UnitTest>
    <UnitTest name="LiveToday_ReflectsTodayEventsWithoutWritingCache" storage="e:\github\agentnetworkplan\puddingagent\.tmp-build\glm-board-20260912\puddingplatformtests.dll" id="11e07909-8779-83f2-b57a-8600805a4cdb">
      <Execution id="7fef72d7-63b1-4e95-92cc-9da36897b597" />
      <TestMethod codeBase="E:\github\AgentNetworkPlan\PuddingAgent\.tmp-build\glm-board-20260912\PuddingPlatformTests.dll" adapterTypeName="executor://mstestadapter/v4" className="PuddingPlatformTests.Services.TokenUsageDailyAggregateServiceTests" name="LiveToday_ReflectsTodayEventsWithoutWritingCache" />
    </UnitTest>
    <UnitTest name="Normalize_DeepSeekFormat_CalculatesCorrectly" storage="e:\github\agentnetworkplan\puddingagent\.tmp-build\glm-board-20260912\puddingplatformtests.dll" id="1555bb99-c44d-8590-a99c-2611ac77fa65">
      <Execution id="a5d1677e-50ff-40e9-be67-3db5a434b30d" />
      <TestMethod codeBase="E:\github\AgentNetworkPlan\PuddingAgent\.tmp-build\glm-board-20260912\PuddingPlatformTests.dll" adapterTypeName="executor://mstestadapter/v4" className="PuddingPlatformTests.Services.TokenUsageNormalizerTests" name="Normalize_DeepSeekFormat_CalculatesCorrectly" />
    </UnitTest>
    <UnitTest name="EnsureCreatedAsync_IsIdempotent" storage="e:\github\agentnetworkplan\puddingagent\.tmp-build\glm-board-20260912\puddingplatformtests.dll" id="1cf61232-f0ef-814a-8885-76ea635ee13e">
      <Execution id="b8ee8967-0fd5-4e35-b362-e3b239be5201" />
      <TestMethod codeBase="E:\github\AgentNetworkPlan\PuddingAgent\.tmp-build\glm-board-20260912\PuddingPlatformTests.dll" adapterTypeName="executor://mstestadapter/v4" className="PuddingPlatformTests.Services.TokenUsageSchemaBootstrapperTests" name="EnsureCreatedAsync_IsIdempotent" />
    </UnitTest>
    <UnitTest name="ResolveMissTokens_ExplicitMiss_ReturnsExplicit" storage="e:\github\agentnetworkplan\puddingagent\.tmp-build\glm-board-20260912\puddingplatformtests.dll" id="12dc003b-a62a-8b53-a38f-c6061edf87f6">
      <Execution id="59821589-6ee2-4288-9d32-89e3149388f4" />
      <TestMethod codeBase="E:\github\AgentNetworkPlan\PuddingAgent\.tmp-build\glm-board-20260912\PuddingPlatformTests.dll" adapterTypeName="executor://mstestadapter/v4" className="PuddingPlatformTests.Services.TokenUsageNormalizerTests" name="ResolveMissTokens_ExplicitMiss_ReturnsExplicit" />
    </UnitTest>
    <UnitTest name="ConversationProjectorFingerprint_WithCompletionTokens_TranslatesOnSqlite" storage="e:\github\agentnetworkplan\puddingagent\.tmp-build\glm-board-20260912\puddingplatformtests.dll" id="1c985006-be72-86c9-a0fd-5dfe4274ea0c">
      <Execution id="546b249b-2a9a-40b2-9c65-a8daf757f2bb" />
      <TestMethod codeBase="E:\github\AgentNetworkPlan\PuddingAgent\.tmp-build\glm-board-20260912\PuddingPlatformTests.dll" adapterTypeName="executor://mstestadapter/v4" className="PuddingPlatformTests.Services.TokenUsageRecorderPrefixDiagnosticsTests" name="ConversationProjectorFingerprint_WithCompletionTokens_TranslatesOnSqlite" />
    </UnitTest>
    <UnitTest name="InvalidateAsync_RemovesCachedMonthSoNextReadRecomputes" storage="e:\github\agentnetworkplan\puddingagent\.tmp-build\glm-board-20260912\puddingplatformtests.dll" id="13d98417-4780-80d4-9eca-a27694965123">
      <Execution id="5fa3062d-4808-44fc-b27f-9d7424314c70" />
      <TestMethod codeBase="E:\github\AgentNetworkPlan\PuddingAgent\.tmp-build\glm-board-20260912\PuddingPlatformTests.dll" adapterTypeName="executor://mstestadapter/v4" className="PuddingPlatformTests.Services.TokenUsageDailyAggregateServiceTests" name="InvalidateAsync_RemovesCachedMonthSoNextReadRecomputes" />
    </UnitTest>
    <UnitTest name="Token_IdenticalUsageButDifferentWorkspace_MustReject" storage="e:\github\agentnetworkplan\puddingagent\.tmp-build\glm-board-20260912\puddingplatformtests.dll" id="128fe586-e84e-82f1-b486-5fe8b2a2eb91">
      <Execution id="ec20e086-adbc-4e3d-bb8d-409ae30e076c" />
      <TestMethod codeBase="E:\github\AgentNetworkPlan\PuddingAgent\.tmp-build\glm-board-20260912\PuddingPlatformTests.dll" adapterTypeName="executor://mstestadapter/v4" className="PuddingPlatformTests.Services.IndependentUsageProbe12" name="Token_IdenticalUsageButDifferentWorkspace_MustReject" />
    </UnitTest>
    <UnitTest name="Normalize_NoCache_AllPromptAsMiss" storage="e:\github\agentnetworkplan\puddingagent\.tmp-build\glm-board-20260912\puddingplatformtests.dll" id="10d28046-b84f-81e4-89eb-f6027fe253c0">
      <Execution id="6624cb6e-0be4-4c1c-a07d-45771eaf7be0" />
      <TestMethod codeBase="E:\github\AgentNetworkPlan\PuddingAgent\.tmp-build\glm-board-20260912\PuddingPlatformTests.dll" adapterTypeName="executor://mstestadapter/v4" className="PuddingPlatformTests.Services.TokenUsageNormalizerTests" name="Normalize_NoCache_AllPromptAsMiss" />
    </UnitTest>
    <UnitTest name="RecordAsync_WhenToolSpecHashChanges_StoresToolSpecChangedReason" storage="e:\github\agentnetworkplan\puddingagent\.tmp-build\glm-board-20260912\puddingplatformtests.dll" id="16d9e920-8488-8dc9-ae3d-1b0a46347ce4">
      <Execution id="efd7d3d3-797d-4754-91f3-c6b6bd37a74c" />
      <TestMethod codeBase="E:\github\AgentNetworkPlan\PuddingAgent\.tmp-build\glm-board-20260912\PuddingPlatformTests.dll" adapterTypeName="executor://mstestadapter/v4" className="PuddingPlatformTests.Services.TokenUsageRecorderPrefixDiagnosticsTests" name="RecordAsync_WhenToolSpecHashChanges_StoresToolSpecChangedReason" />
    </UnitTest>
    <UnitTest name="ResolveMissTokens_NoHitNorMiss_ReturnsFullPrompt" storage="e:\github\agentnetworkplan\puddingagent\.tmp-build\glm-board-20260912\puddingplatformtests.dll" id="103be422-9644-871b-a693-23ddc8d9834f">
      <Execution id="f88d215f-aad7-4d47-a4df-d710e12ab8b0" />
      <TestMethod codeBase="E:\github\AgentNetworkPlan\PuddingAgent\.tmp-build\glm-board-20260912\PuddingPlatformTests.dll" adapterTypeName="executor://mstestadapter/v4" className="PuddingPlatformTests.Services.TokenUsageNormalizerTests" name="ResolveMissTokens_NoHitNorMiss_ReturnsFullPrompt" />
    </UnitTest>
    <UnitTest name="ForceFlush_PersistsImmediately" storage="e:\github\agentnetworkplan\puddingagent\.tmp-build\glm-board-20260912\puddingplatformtests.dll" id="13d64854-80cd-85cc-a5a8-29fbf2c19434">
      <Execution id="f27ba444-ef68-4820-99e4-23295d3bc141" />
      <TestMethod codeBase="E:\github\AgentNetworkPlan\PuddingAgent\.tmp-build\glm-board-20260912\PuddingPlatformTests.dll" adapterTypeName="executor://mstestadapter/v4" className="PuddingPlatformTests.Security.ExternalAccessTokenUsageCoalescerTests" name="ForceFlush_PersistsImmediately" />
    </UnitTest>
    <UnitTest name="SameSourceWithDifferentPayload_BestEffort_SkipsWithoutThrowing" storage="e:\github\agentnetworkplan\puddingagent\.tmp-build\glm-board-20260912\puddingplatformtests.dll" id="1101c23c-a0b3-863d-96d8-a2cf53e68f72">
      <Execution id="8603a20c-8dd3-4fe9-be77-6346752e0c5d" />
      <TestMethod codeBase="E:\github\AgentNetworkPlan\PuddingAgent\.tmp-build\glm-board-20260912\PuddingPlatformTests.dll" adapterTypeName="executor://mstestadapter/v4" className="PuddingPlatformTests.Services.TokenUsageRecorderConcurrencyTests" name="SameSourceWithDifferentPayload_BestEffort_SkipsWithoutThrowing" />
    </UnitTest>
    <UnitTest name="LateUsage_InvalidatesClosedDayAggregate_AndNextReadRecomputes" storage="e:\github\agentnetworkplan\puddingagent\.tmp-build\glm-board-20260912\puddingplatformtests.dll" id="1bc5f19d-71fe-8b29-be9f-b6dad3bb80fd">
      <Execution id="a4776272-7fe8-4643-811e-f071488e179f" />
      <TestMethod codeBase="E:\github\AgentNetworkPlan\PuddingAgent\.tmp-build\glm-board-20260912\PuddingPlatformTests.dll" adapterTypeName="executor://mstestadapter/v4" className="PuddingPlatformTests.Services.UsageRequestAttributionTests" name="LateUsage_InvalidatesClosedDayAggregate_AndNextReadRecomputes" />
    </UnitTest>
    <UnitTest name="PreviousLayerHash_BootstrapAddsIndexToExistingLedger_Idempotently" storage="e:\github\agentnetworkplan\puddingagent\.tmp-build\glm-board-20260912\puddingplatformtests.dll" id="1f1ec53d-4d55-829f-aba6-1abcde366a00">
      <Execution id="f38223b8-363d-4284-ac0d-843fa6a00308" />
      <TestMethod codeBase="E:\github\AgentNetworkPlan\PuddingAgent\.tmp-build\glm-board-20260912\PuddingPlatformTests.dll" adapterTypeName="executor://mstestadapter/v4" className="PuddingPlatformTests.Services.TokenUsageRecorderPrefixDiagnosticsTests" name="PreviousLayerHash_BootstrapAddsIndexToExistingLedger_Idempotently" />
    </UnitTest>
    <UnitTest name="Normalize_OpenAIFormat_HitDerivesMiss" storage="e:\github\agentnetworkplan\puddingagent\.tmp-build\glm-board-20260912\puddingplatformtests.dll" id="197bd258-487f-8915-b7aa-6ea62e8bf24c">
      <Execution id="00f3b9ed-7a9a-496f-8d3b-f3ae882154c4" />
      <TestMethod codeBase="E:\github\AgentNetworkPlan\PuddingAgent\.tmp-build\glm-board-20260912\PuddingPlatformTests.dll" adapterTypeName="executor://mstestadapter/v4" className="PuddingPlatformTests.Services.TokenUsageNormalizerTests" name="Normalize_OpenAIFormat_HitDerivesMiss" />
    </UnitTest>
    <UnitTest name="RecordAsync_WhenContextSnapshotExists_StoresContextLayerMetrics" storage="e:\github\agentnetworkplan\puddingagent\.tmp-build\glm-board-20260912\puddingplatformtests.dll" id="15045f6b-23c2-8378-8d01-930e4c38d4ca">
      <Execution id="4a4bda4b-1b5f-4fc3-9f34-4a211fc65dbf" />
      <TestMethod codeBase="E:\github\AgentNetworkPlan\PuddingAgent\.tmp-build\glm-board-20260912\PuddingPlatformTests.dll" adapterTypeName="executor://mstestadapter/v4" className="PuddingPlatformTests.Services.TokenUsageRecorderPrefixDiagnosticsTests" name="RecordAsync_WhenContextSnapshotExists_StoresContextLayerMetrics" />
    </UnitTest>
    <UnitTest name="PreviousLayerHash_UsesCoveringEndpoint_PreservesEventTimeAndIdTies" storage="e:\github\agentnetworkplan\puddingagent\.tmp-build\glm-board-20260912\puddingplatformtests.dll" id="1e66074d-b9dc-868a-acd5-f1a2f6fa6c1e">
      <Execution id="249a612f-bea3-476c-941c-f02cd55d8de6" />
      <TestMethod codeBase="E:\github\AgentNetworkPlan\PuddingAgent\.tmp-build\glm-board-20260912\PuddingPlatformTests.dll" adapterTypeName="executor://mstestadapter/v4" className="PuddingPlatformTests.Services.TokenUsageRecorderPrefixDiagnosticsTests" name="PreviousLayerHash_UsesCoveringEndpoint_PreservesEventTimeAndIdTies" />
    </UnitTest>
    <UnitTest name="RecordAttributedRequiredAsync_PersistsCanonicalAgentLoopAttribution" storage="e:\github\agentnetworkplan\puddingagent\.tmp-build\glm-board-20260912\puddingplatformtests.dll" id="157dbff5-e3e1-8f6a-8726-45dfbd829f47">
      <Execution id="96b0b2cd-e7b4-454a-9ac8-7989f1bccede" />
      <TestMethod codeBase="E:\github\AgentNetworkPlan\PuddingAgent\.tmp-build\glm-board-20260912\PuddingPlatformTests.dll" adapterTypeName="executor://mstestadapter/v4" className="PuddingPlatformTests.Services.TokenUsageRecorderPrefixDiagnosticsTests" name="RecordAttributedRequiredAsync_PersistsCanonicalAgentLoopAttribution" />
    </UnitTest>
    <UnitTest name="ResolveMissTokens_NoExplicitMiss_HitPresent_DerivesFromPrompt" storage="e:\github\agentnetworkplan\puddingagent\.tmp-build\glm-board-20260912\puddingplatformtests.dll" id="1c8bbe8c-45cd-88c2-b0b1-f0194caae575">
      <Execution id="6cccdb14-cb51-451f-b7a7-f34f88a37b9b" />
      <TestMethod codeBase="E:\github\AgentNetworkPlan\PuddingAgent\.tmp-build\glm-board-20260912\PuddingPlatformTests.dll" adapterTypeName="executor://mstestadapter/v4" className="PuddingPlatformTests.Services.TokenUsageNormalizerTests" name="ResolveMissTokens_NoExplicitMiss_HitPresent_DerivesFromPrompt" />
    </UnitTest>
    <UnitTest name="ResolveMissTokens_HitExceedsPrompt_ReturnsZero" storage="e:\github\agentnetworkplan\puddingagent\.tmp-build\glm-board-20260912\puddingplatformtests.dll" id="1808befa-2589-890c-a882-ee9e943a6c0f">
      <Execution id="f635c2df-a13b-4381-9364-a2c085e35952" />
      <TestMethod codeBase="E:\github\AgentNetworkPlan\PuddingAgent\.tmp-build\glm-board-20260912\PuddingPlatformTests.dll" adapterTypeName="executor://mstestadapter/v4" className="PuddingPlatformTests.Services.TokenUsageNormalizerTests" name="ResolveMissTokens_HitExceedsPrompt_ReturnsZero" />
    </UnitTest>
    <UnitTest name="ResolveForMetric_Classifies_TokenUsage_As_Complete" storage="e:\github\agentnetworkplan\puddingagent\.tmp-build\glm-board-20260912\puddingplatformtests.dll" id="13d0cd97-bb95-8d5a-9989-91cdff74826d">
      <Execution id="ef7e2471-677c-4705-afc5-7e1eedb4c523" />
      <TestMethod codeBase="E:\github\AgentNetworkPlan\PuddingAgent\.tmp-build\glm-board-20260912\PuddingPlatformTests.dll" adapterTypeName="executor://mstestadapter/v4" className="PuddingPlatformTests.Services.RuntimePipelineStagesTests" name="ResolveForMetric_Classifies_TokenUsage_As_Complete" />
    </UnitTest>
    <UnitTest name="RebuildAsync_RebuildsMonthlyStatsFromNonConversationUsageEvents" storage="e:\github\agentnetworkplan\puddingagent\.tmp-build\glm-board-20260912\puddingplatformtests.dll" id="173ed750-10ad-8c0c-8e28-c3ac674ebe20">
      <Execution id="601315df-a37a-431a-87ba-31692e405bf0" />
      <TestMethod codeBase="E:\github\AgentNetworkPlan\PuddingAgent\.tmp-build\glm-board-20260912\PuddingPlatformTests.dll" adapterTypeName="executor://mstestadapter/v4" className="PuddingPlatformTests.Services.TokenUsageRebuildServiceTests" name="RebuildAsync_RebuildsMonthlyStatsFromNonConversationUsageEvents" />
    </UnitTest>
    <UnitTest name="RebuildAsync_SkipsUnattributedLegacyUsageWithoutDeletingExistingLedgerFacts" storage="e:\github\agentnetworkplan\puddingagent\.tmp-build\glm-board-20260912\puddingplatformtests.dll" id="1163933a-74fa-8de0-9d6b-b272f987bf8e">
      <Execution id="c966ddcb-ee99-4db1-b3bc-ebcbc7269107" />
      <TestMethod codeBase="E:\github\AgentNetworkPlan\PuddingAgent\.tmp-build\glm-board-20260912\PuddingPlatformTests.dll" adapterTypeName="executor://mstestadapter/v4" className="PuddingPlatformTests.Services.TokenUsageRebuildServiceTests" name="RebuildAsync_SkipsUnattributedLegacyUsageWithoutDeletingExistingLedgerFacts" />
    </UnitTest>
    <UnitTest name="EnsureCreatedAsync_ColumnAlreadyExists_IsNoOp" storage="e:\github\agentnetworkplan\puddingagent\.tmp-build\glm-board-20260912\puddingplatformtests.dll" id="17a7fcaf-7dcd-8838-bb7c-613cf1b862b0">
      <Execution id="98f6de08-07ac-4b16-b6be-aa6344ec1c7e" />
      <TestMethod codeBase="E:\github\AgentNetworkPlan\PuddingAgent\.tmp-build\glm-board-20260912\PuddingPlatformTests.dll" adapterTypeName="executor://mstestadapter/v4" className="PuddingPlatformTests.Services.TokenUsageSchemaBootstrapperTests" name="EnsureCreatedAsync_ColumnAlreadyExists_IsNoOp" />
    </UnitTest>
    <UnitTest name="FiftyConcurrentDistinctSources_AlignLedgerAndAggregateExactly" storage="e:\github\agentnetworkplan\puddingagent\.tmp-build\glm-board-20260912\puddingplatformtests.dll" id="1158ea60-0a48-859a-89a3-f80839fff6b2">
      <Execution id="316cc918-fd7d-4305-a197-875529e9ddb5" />
      <TestMethod codeBase="E:\github\AgentNetworkPlan\PuddingAgent\.tmp-build\glm-board-20260912\PuddingPlatformTests.dll" adapterTypeName="executor://mstestadapter/v4" className="PuddingPlatformTests.Services.TokenUsageRecorderConcurrencyTests" name="FiftyConcurrentDistinctSources_AlignLedgerAndAggregateExactly" />
    </UnitTest>
    <UnitTest name="Normalize_ZeroTokens_HandlesGracefully" storage="e:\github\agentnetworkplan\puddingagent\.tmp-build\glm-board-20260912\puddingplatformtests.dll" id="1f0dee0b-3adc-82bf-83d8-aa4193270c06">
      <Execution id="213cccaa-5ad9-4d14-8978-1dfbcc97a2f3" />
      <TestMethod codeBase="E:\github\AgentNetworkPlan\PuddingAgent\.tmp-build\glm-board-20260912\PuddingPlatformTests.dll" adapterTypeName="executor://mstestadapter/v4" className="PuddingPlatformTests.Services.TokenUsageNormalizerTests" name="Normalize_ZeroTokens_HandlesGracefully" />
    </UnitTest>
    <UnitTest name="ClosedDays_AggregateOnceThenServeFromCacheAfterLedgerDeleted" storage="e:\github\agentnetworkplan\puddingagent\.tmp-build\glm-board-20260912\puddingplatformtests.dll" id="14f9b010-3720-86dd-828b-a4d5f9bfd9be">
      <Execution id="15572352-d850-42ec-b935-9fd515955df9" />
      <TestMethod codeBase="E:\github\AgentNetworkPlan\PuddingAgent\.tmp-build\glm-board-20260912\PuddingPlatformTests.dll" adapterTypeName="executor://mstestadapter/v4" className="PuddingPlatformTests.Services.TokenUsageDailyAggregateServiceTests" name="ClosedDays_AggregateOnceThenServeFromCacheAfterLedgerDeleted" />
    </UnitTest>
    <UnitTest name="LateAttribution_KeepsRequestAShape_AfterSessionSnapshotOverwrittenByB" storage="e:\github\agentnetworkplan\puddingagent\.tmp-build\glm-board-20260912\puddingplatformtests.dll" id="11316bd5-26a7-8c81-875d-3c088ee775e9">
      <Execution id="ddbe6b2b-2afc-4e79-89a1-6f6c21b014a6" />
      <TestMethod codeBase="E:\github\AgentNetworkPlan\PuddingAgent\.tmp-build\glm-board-20260912\PuddingPlatformTests.dll" adapterTypeName="executor://mstestadapter/v4" className="PuddingPlatformTests.Services.UsageRequestAttributionTests" name="LateAttribution_KeepsRequestAShape_AfterSessionSnapshotOverwrittenByB" />
    </UnitTest>
    <UnitTest name="MigrateAsync_CreatesTokenUsageStatsTable" storage="e:\github\agentnetworkplan\puddingagent\.tmp-build\glm-board-20260912\puddingplatformtests.dll" id="14b0ebc7-2921-8073-a822-6abfa8fa05e8">
      <Execution id="481c104d-14b3-4327-bc3d-ca2b081e4f37" />
      <TestMethod codeBase="E:\github\AgentNetworkPlan\PuddingAgent\.tmp-build\glm-board-20260912\PuddingPlatformTests.dll" adapterTypeName="executor://mstestadapter/v4" className="PuddingPlatformTests.Infrastructure.PlatformMigrationTests" name="MigrateAsync_CreatesTokenUsageStatsTable" />
    </UnitTest>
    <UnitTest name="CalculateCost_DeepSeekModel_MatchesExpected" storage="e:\github\agentnetworkplan\puddingagent\.tmp-build\glm-board-20260912\puddingplatformtests.dll" id="1d4ed73f-971d-8676-bc0e-aa9ccd0edc9d">
      <Execution id="ed84068d-cee9-4194-ba61-aae695f62682" />
      <TestMethod codeBase="E:\github\AgentNetworkPlan\PuddingAgent\.tmp-build\glm-board-20260912\PuddingPlatformTests.dll" adapterTypeName="executor://mstestadapter/v4" className="PuddingPlatformTests.Services.TokenUsageNormalizerTests" name="CalculateCost_DeepSeekModel_MatchesExpected" />
    </UnitTest>
  </TestDefinitions>
  <TestEntries>
    <TestEntry testId="11316bd5-26a7-8c81-875d-3c088ee775e9" executionId="ddbe6b2b-2afc-4e79-89a1-6f6c21b014a6" testListId="8c84fa94-04c1-424b-9868-57a2d4851a1d" />
    <TestEntry testId="1cf61232-f0ef-814a-8885-76ea635ee13e" executionId="b8ee8967-0fd5-4e35-b362-e3b239be5201" testListId="8c84fa94-04c1-424b-9868-57a2d4851a1d" />
    <TestEntry testId="178f735e-5eeb-8d14-b4e9-1c4ea84757b1" executionId="1a2953f8-8647-4c56-85be-a05fde618bb0" testListId="8c84fa94-04c1-424b-9868-57a2d4851a1d" />
    <TestEntry testId="12b845e1-0446-8fa1-a022-233cdffb74ea" executionId="7b956c33-1b8d-49ea-9bb2-eba4c764ec48" testListId="8c84fa94-04c1-424b-9868-57a2d4851a1d" />
    <TestEntry testId="1163933a-74fa-8de0-9d6b-b272f987bf8e" executionId="c966ddcb-ee99-4db1-b3bc-ebcbc7269107" testListId="8c84fa94-04c1-424b-9868-57a2d4851a1d" />
    <TestEntry testId="180a8824-becc-8a68-8c6d-1c6d56655786" executionId="8387bc75-a264-4b23-9251-13a8a3c377c4" testListId="8c84fa94-04c1-424b-9868-57a2d4851a1d" />
    <TestEntry testId="15045f6b-23c2-8378-8d01-930e4c38d4ca" executionId="4a4bda4b-1b5f-4fc3-9f34-4a211fc65dbf" testListId="8c84fa94-04c1-424b-9868-57a2d4851a1d" />
    <TestEntry testId="1a09c6ab-6c76-8f90-9b50-f6a5bb763f5d" executionId="48c66a53-17e7-48d5-997f-a590f1583f5f" testListId="8c84fa94-04c1-424b-9868-57a2d4851a1d" />
    <TestEntry testId="12dc003b-a62a-8b53-a38f-c6061edf87f6" executionId="59821589-6ee2-4288-9d32-89e3149388f4" testListId="8c84fa94-04c1-424b-9868-57a2d4851a1d" />
    <TestEntry testId="1808befa-2589-890c-a882-ee9e943a6c0f" executionId="f635c2df-a13b-4381-9364-a2c085e35952" testListId="8c84fa94-04c1-424b-9868-57a2d4851a1d" />
    <TestEntry testId="1555bb99-c44d-8590-a99c-2611ac77fa65" executionId="a5d1677e-50ff-40e9-be67-3db5a434b30d" testListId="8c84fa94-04c1-424b-9868-57a2d4851a1d" />
    <TestEntry testId="128fe586-e84e-82f1-b486-5fe8b2a2eb91" executionId="ec20e086-adbc-4e3d-bb8d-409ae30e076c" testListId="8c84fa94-04c1-424b-9868-57a2d4851a1d" />
    <TestEntry testId="1cd61ae7-b07a-84af-8e56-3f926ae020e4" executionId="ae9e22bb-c16b-499e-86fd-70ae4d6207d8" testListId="8c84fa94-04c1-424b-9868-57a2d4851a1d" />
    <TestEntry testId="173ed750-10ad-8c0c-8e28-c3ac674ebe20" executionId="601315df-a37a-431a-87ba-31692e405bf0" testListId="8c84fa94-04c1-424b-9868-57a2d4851a1d" />
    <TestEntry testId="19902e7b-969e-8c40-82e1-6e8b5b76ef42" executionId="df1ba0bb-cfad-4d95-87ff-6e352581c47d" testListId="8c84fa94-04c1-424b-9868-57a2d4851a1d" />
    <TestEntry testId="1158ea60-0a48-859a-89a3-f80839fff6b2" executionId="316cc918-fd7d-4305-a197-875529e9ddb5" testListId="8c84fa94-04c1-424b-9868-57a2d4851a1d" />
    <TestEntry testId="147180cb-f60f-88ec-8f46-d022543502e4" executionId="acef14d2-b9ea-4994-bd9e-21aa4c6c1af9" testListId="8c84fa94-04c1-424b-9868-57a2d4851a1d" />
    <TestEntry testId="195ca5a6-8bdc-85bb-9d91-a4359ab5fb06" executionId="b0842717-d28d-4891-bbfb-cdab4aebc9bd" testListId="8c84fa94-04c1-424b-9868-57a2d4851a1d" />
    <TestEntry testId="141638c1-bd41-87f1-897c-8d0e5e52ea60" executionId="e97c54fd-b140-4ffc-afea-4f27fa2a6429" testListId="8c84fa94-04c1-424b-9868-57a2d4851a1d" />
    <TestEntry testId="13d64854-80cd-85cc-a5a8-29fbf2c19434" executionId="f27ba444-ef68-4820-99e4-23295d3bc141" testListId="8c84fa94-04c1-424b-9868-57a2d4851a1d" />
    <TestEntry testId="10d28046-b84f-81e4-89eb-f6027fe253c0" executionId="6624cb6e-0be4-4c1c-a07d-45771eaf7be0" testListId="8c84fa94-04c1-424b-9868-57a2d4851a1d" />
    <TestEntry testId="1bc5f19d-71fe-8b29-be9f-b6dad3bb80fd" executionId="a4776272-7fe8-4643-811e-f071488e179f" testListId="8c84fa94-04c1-424b-9868-57a2d4851a1d" />
    <TestEntry testId="1c8bbe8c-45cd-88c2-b0b1-f0194caae575" executionId="6cccdb14-cb51-451f-b7a7-f34f88a37b9b" testListId="8c84fa94-04c1-424b-9868-57a2d4851a1d" />
    <TestEntry testId="13d0cd97-bb95-8d5a-9989-91cdff74826d" executionId="ef7e2471-677c-4705-afc5-7e1eedb4c523" testListId="8c84fa94-04c1-424b-9868-57a2d4851a1d" />
    <TestEntry testId="1362b37f-ce33-802d-b164-505132bac266" executionId="72a1ca9d-47ea-4fef-b6f9-cf68065496f3" testListId="8c84fa94-04c1-424b-9868-57a2d4851a1d" />
    <TestEntry testId="17a7fcaf-7dcd-8838-bb7c-613cf1b862b0" executionId="98f6de08-07ac-4b16-b6be-aa6344ec1c7e" testListId="8c84fa94-04c1-424b-9868-57a2d4851a1d" />
    <TestEntry testId="1101c23c-a0b3-863d-96d8-a2cf53e68f72" executionId="8603a20c-8dd3-4fe9-be77-6346752e0c5d" testListId="8c84fa94-04c1-424b-9868-57a2d4851a1d" />
    <TestEntry testId="103be422-9644-871b-a693-23ddc8d9834f" executionId="f88d215f-aad7-4d47-a4df-d710e12ab8b0" testListId="8c84fa94-04c1-424b-9868-57a2d4851a1d" />
    <TestEntry testId="11e07909-8779-83f2-b57a-8600805a4cdb" executionId="7fef72d7-63b1-4e95-92cc-9da36897b597" testListId="8c84fa94-04c1-424b-9868-57a2d4851a1d" />
    <TestEntry testId="11610bc6-de4d-8f0f-ac0e-897fff4bf809" executionId="de590185-f971-4dd4-8ba0-17f761669f0e" testListId="8c84fa94-04c1-424b-9868-57a2d4851a1d" />
    <TestEntry testId="1e66074d-b9dc-868a-acd5-f1a2f6fa6c1e" executionId="249a612f-bea3-476c-941c-f02cd55d8de6" testListId="8c84fa94-04c1-424b-9868-57a2d4851a1d" />
    <TestEntry testId="13d98417-4780-80d4-9eca-a27694965123" executionId="5fa3062d-4808-44fc-b27f-9d7424314c70" testListId="8c84fa94-04c1-424b-9868-57a2d4851a1d" />
    <TestEntry testId="1a5d0df6-7161-8c59-8ac7-59afce431ede" executionId="b608a444-7426-44db-9e04-e6d1781490fc" testListId="8c84fa94-04c1-424b-9868-57a2d4851a1d" />
    <TestEntry testId="18bc4f2b-4fbc-8335-a6b8-403e9e75dfab" executionId="ac798ed0-20a1-4c02-a79e-56cb64f8d18e" testListId="8c84fa94-04c1-424b-9868-57a2d4851a1d" />
    <TestEntry testId="14b0ebc7-2921-8073-a822-6abfa8fa05e8" executionId="481c104d-14b3-4327-bc3d-ca2b081e4f37" testListId="8c84fa94-04c1-424b-9868-57a2d4851a1d" />
    <TestEntry testId="11b0a5ef-6d56-80db-ba50-2c5b297e6aa7" executionId="8b1dc0db-b607-4f77-b590-ae5eeb46a3d7" testListId="8c84fa94-04c1-424b-9868-57a2d4851a1d" />
    <TestEntry testId="1c985006-be72-86c9-a0fd-5dfe4274ea0c" executionId="546b249b-2a9a-40b2-9c65-a8daf757f2bb" testListId="8c84fa94-04c1-424b-9868-57a2d4851a1d" />
    <TestEntry testId="1f1ec53d-4d55-829f-aba6-1abcde366a00" executionId="f38223b8-363d-4284-ac0d-843fa6a00308" testListId="8c84fa94-04c1-424b-9868-57a2d4851a1d" />
    <TestEntry testId="160b6d1d-3b7f-87c4-95fd-9ece7ca90369" executionId="4a50aea2-fa64-4afc-81b8-8e6680e42536" testListId="8c84fa94-04c1-424b-9868-57a2d4851a1d" />
    <TestEntry testId="16d9e920-8488-8dc9-ae3d-1b0a46347ce4" executionId="efd7d3d3-797d-4754-91f3-c6b6bd37a74c" testListId="8c84fa94-04c1-424b-9868-57a2d4851a1d" />
    <TestEntry testId="197bd258-487f-8915-b7aa-6ea62e8bf24c" executionId="00f3b9ed-7a9a-496f-8d3b-f3ae882154c4" testListId="8c84fa94-04c1-424b-9868-57a2d4851a1d" />
    <TestEntry testId="14f9b010-3720-86dd-828b-a4d5f9bfd9be" executionId="15572352-d850-42ec-b935-9fd515955df9" testListId="8c84fa94-04c1-424b-9868-57a2d4851a1d" />
    <TestEntry testId="15c43853-fb4e-8745-9c7e-de68869a132f" executionId="149d00d5-a209-414a-8162-56e347122c49" testListId="8c84fa94-04c1-424b-9868-57a2d4851a1d" />
    <TestEntry testId="1085532c-79d7-81fb-930b-8960aef8e622" executionId="4886b5e5-2712-46b5-bba8-7c7db2dee32d" testListId="8c84fa94-04c1-424b-9868-57a2d4851a1d" />
    <TestEntry testId="157dbff5-e3e1-8f6a-8726-45dfbd829f47" executionId="96b0b2cd-e7b4-454a-9ac8-7989f1bccede" testListId="8c84fa94-04c1-424b-9868-57a2d4851a1d" />
    <TestEntry testId="1ddf949c-e71e-8443-a00b-75cff6ea94c0" executionId="7ddbc7d5-052f-4383-b2d3-648914152f00" testListId="8c84fa94-04c1-424b-9868-57a2d4851a1d" />
    <TestEntry testId="1d4ed73f-971d-8676-bc0e-aa9ccd0edc9d" executionId="ed84068d-cee9-4194-ba61-aae695f62682" testListId="8c84fa94-04c1-424b-9868-57a2d4851a1d" />
    <TestEntry testId="1f0dee0b-3adc-82bf-83d8-aa4193270c06" executionId="213cccaa-5ad9-4d14-8978-1dfbcc97a2f3" testListId="8c84fa94-04c1-424b-9868-57a2d4851a1d" />
  </TestEntries>
  <TestLists>
    <TestList name="列表中未列出的结果" id="8c84fa94-04c1-424b-9868-57a2d4851a1d" />
    <TestList name="所有已加载的结果" id="19431567-8539-422a-85d7-44ee4e166bda" />
  </TestLists>
  <ResultSummary outcome="Completed">
    <Counters total="48" executed="48" passed="48" failed="0" error="0" timeout="0" aborted="0" inconclusive="0" passedButRunAborted="0" notRunnable="0" notExecuted="0" disconnected="0" warning="0" completed="0" inProgress="0" pending="0" />
  </ResultSummary>
</TestRun>